// Jest Snapshot v1, https://goo.gl/fbAQLP

exports[`Button renders correctly in the DOM 1`] = `
<button
  className="bg-lime-500 text-white hover:bg-lime-400 px-6 py-2 rounded-full font-semibold min-w-[10rem] transition-colors border-2 border-transparent"
  onClick={[Function]}
  type="button"
>
  click
</button>
`;
