// Jest Snapshot v1, https://goo.gl/fbAQLP

exports[`Loading renders correctly in the DOM 1`] = `
<span
  className="h-6 w-6 block rounded-full border border-t-2 border-t-lime-500 animate-spin"
  data-testid="loading"
/>
`;
