// Jest Snapshot v1, https://goo.gl/fbAQLP

exports[`App renders learn react link 1`] = `
<div
  className="h-screen text-gray-700 flex relative"
  id="app"
>
  <header
    className="z-30 fixed shrink-0 lg:relative flex h-full w-52 flex-col border-r-2 border-gray-100 bg-white py-4 transition lg:translate-x-0 -translate-x-52"
    id="header"
  >
    <a
      className="h-1/5 font-serif text-2xl font-bold text-center p-3"
      href="/"
      onClick={[Function]}
    >
      <img
        alt="al mentoria"
        className="w-24 m-auto"
        src="/almentoria-full-logo.svg"
      />
    </a>
    <nav
      className="flex grow flex-col pl-4"
    >
      <ul
        className="flex flex-col"
      >
        <li>
          <a
            className="block py-3 px-4 text-lg font-bold uppercase hover:text-lime-600"
            href="/mentors"
            onClick={[Function]}
          >
            Mentors
          </a>
        </li>
        <li
          className="flex flex-col gap-1 mt-4 font-bold"
        >
          <a
            className="flex gap-4 py-3 px-4 items-center hover:text-lime-500 transition-colors"
            href="/signin"
            onClick={[Function]}
            title=""
          >
            <svg
              fill="currentColor"
              height="1em"
              stroke="currentColor"
              strokeWidth="0"
              style={
                Object {
                  "color": undefined,
                }
              }
              viewBox="0 0 24 24"
              width="1em"
              xmlns="http://www.w3.org/2000/svg"
            >
              <path
                d="m10.998 16 5-4-5-4v3h-9v2h9z"
              />
              <path
                d="M12.999 2.999a8.938 8.938 0 0 0-6.364 2.637L8.049 7.05c1.322-1.322 3.08-2.051 4.95-2.051s3.628.729 4.95 2.051S20 10.13 20 12s-.729 3.628-2.051 4.95-3.08 2.051-4.95 2.051-3.628-.729-4.95-2.051l-1.414 1.414c1.699 1.7 3.959 2.637 6.364 2.637s4.665-.937 6.364-2.637C21.063 16.665 22 14.405 22 12s-.937-4.665-2.637-6.364a8.938 8.938 0 0 0-6.364-2.637z"
              />
            </svg>
            <span>
              Sign in
            </span>
          </a>
          <a
            className="flex gap-4 py-3 px-4 items-center hover:text-lime-500 transition-colors"
            href="/signup"
            onClick={[Function]}
          >
            <svg
              fill="currentColor"
              height="1em"
              stroke="currentColor"
              strokeWidth="0"
              style={
                Object {
                  "color": undefined,
                }
              }
              viewBox="0 0 24 24"
              width="1em"
              xmlns="http://www.w3.org/2000/svg"
            >
              <path
                d="M19 8h-2v3h-3v2h3v3h2v-3h3v-2h-3zM4 8a3.91 3.91 0 0 0 4 4 3.91 3.91 0 0 0 4-4 3.91 3.91 0 0 0-4-4 3.91 3.91 0 0 0-4 4zm6 0a1.91 1.91 0 0 1-2 2 1.91 1.91 0 0 1-2-2 1.91 1.91 0 0 1 2-2 1.91 1.91 0 0 1 2 2zM4 18a3 3 0 0 1 3-3h2a3 3 0 0 1 3 3v1h2v-1a5 5 0 0 0-5-5H7a5 5 0 0 0-5 5v1h2z"
              />
            </svg>
            <span>
              Sign up
            </span>
          </a>
        </li>
      </ul>
    </nav>
    <div
      className="flex flex-col gap-1 items-center"
    >
      <ul
        className="flex"
      >
        <li>
          <a
            className="inline-block p-1 hover:text-lime-600"
            href="/blah"
            onClick={[Function]}
          >
            <svg
              className="w-4 h-4"
              fill="currentColor"
              height="1em"
              stroke="currentColor"
              strokeWidth="0"
              style={
                Object {
                  "color": undefined,
                }
              }
              viewBox="0 0 512 512"
              width="1em"
              xmlns="http://www.w3.org/2000/svg"
            >
              <path
                d="M459.37 151.716c.325 4.548.325 9.097.325 13.645 0 138.72-105.583 298.558-298.558 298.558-59.452 0-114.68-17.219-161.137-47.106 8.447.974 16.568 1.299 25.34 1.299 49.055 0 94.213-16.568 130.274-44.832-46.132-.975-84.792-31.188-98.112-72.772 6.498.974 12.995 1.624 19.818 1.624 9.421 0 18.843-1.3 27.614-3.573-48.081-9.747-84.143-51.98-84.143-102.985v-1.299c13.969 7.797 30.214 12.67 47.431 13.319-28.264-18.843-46.781-51.005-46.781-87.391 0-19.492 5.197-37.36 14.294-52.954 51.655 63.675 129.3 105.258 216.365 109.807-1.624-7.797-2.599-15.918-2.599-24.04 0-57.828 46.782-104.934 104.934-104.934 30.213 0 57.502 12.67 76.67 33.137 23.715-4.548 46.456-13.32 66.599-25.34-7.798 24.366-24.366 44.833-46.132 57.827 21.117-2.273 41.584-8.122 60.426-16.243-14.292 20.791-32.161 39.308-52.628 54.253z"
              />
            </svg>
          </a>
        </li>
        <li>
          <a
            className="inline-block p-1 hover:text-lime-600"
            href="/blah"
            onClick={[Function]}
          >
            <svg
              className="w-4 h-4"
              fill="currentColor"
              height="1em"
              stroke="currentColor"
              strokeWidth="0"
              style={
                Object {
                  "color": undefined,
                }
              }
              viewBox="0 0 320 512"
              width="1em"
              xmlns="http://www.w3.org/2000/svg"
            >
              <path
                d="M279.14 288l14.22-92.66h-88.91v-60.13c0-25.35 12.42-50.06 52.24-50.06h40.42V6.26S260.43 0 225.36 0c-73.22 0-121.08 44.38-121.08 124.72v70.62H22.89V288h81.39v224h100.17V288z"
              />
            </svg>
          </a>
        </li>
        <li>
          <a
            className="inline-block p-1 hover:text-lime-600"
            href="/blah"
            onClick={[Function]}
          >
            <svg
              className="w-4 h-4"
              fill="currentColor"
              height="1em"
              stroke="currentColor"
              strokeWidth="0"
              style={
                Object {
                  "color": undefined,
                }
              }
              viewBox="0 0 448 512"
              width="1em"
              xmlns="http://www.w3.org/2000/svg"
            >
              <path
                d="M224.1 141c-63.6 0-114.9 51.3-114.9 114.9s51.3 114.9 114.9 114.9S339 319.5 339 255.9 287.7 141 224.1 141zm0 189.6c-41.1 0-74.7-33.5-74.7-74.7s33.5-74.7 74.7-74.7 74.7 33.5 74.7 74.7-33.6 74.7-74.7 74.7zm146.4-194.3c0 14.9-12 26.8-26.8 26.8-14.9 0-26.8-12-26.8-26.8s12-26.8 26.8-26.8 26.8 12 26.8 26.8zm76.1 27.2c-1.7-35.9-9.9-67.7-36.2-93.9-26.2-26.2-58-34.4-93.9-36.2-37-2.1-147.9-2.1-184.9 0-35.8 1.7-67.6 9.9-93.9 36.1s-34.4 58-36.2 93.9c-2.1 37-2.1 147.9 0 184.9 1.7 35.9 9.9 67.7 36.2 93.9s58 34.4 93.9 36.2c37 2.1 147.9 2.1 184.9 0 35.9-1.7 67.7-9.9 93.9-36.2 26.2-26.2 34.4-58 36.2-93.9 2.1-37 2.1-147.8 0-184.8zM398.8 388c-7.8 19.6-22.9 34.7-42.6 42.6-29.5 11.7-99.5 9-132.1 9s-102.7 2.6-132.1-9c-19.6-7.8-34.7-22.9-42.6-42.6-11.7-29.5-9-99.5-9-132.1s-2.6-102.7 9-132.1c7.8-19.6 22.9-34.7 42.6-42.6 29.5-11.7 99.5-9 132.1-9s102.7-2.6 132.1 9c19.6 7.8 34.7 22.9 42.6 42.6 11.7 29.5 9 99.5 9 132.1s2.7 102.7-9 132.1z"
              />
            </svg>
          </a>
        </li>
        <li>
          <a
            className="inline-block p-1 hover:text-lime-600"
            href="/blah"
            onClick={[Function]}
          >
            <svg
              className="w-4 h-4"
              fill="currentColor"
              height="1em"
              stroke="currentColor"
              strokeWidth="0"
              style={
                Object {
                  "color": undefined,
                }
              }
              viewBox="0 0 496 512"
              width="1em"
              xmlns="http://www.w3.org/2000/svg"
            >
              <path
                d="M165.9 397.4c0 2-2.3 3.6-5.2 3.6-3.3.3-5.6-1.3-5.6-3.6 0-2 2.3-3.6 5.2-3.6 3-.3 5.6 1.3 5.6 3.6zm-31.1-4.5c-.7 2 1.3 4.3 4.3 4.9 2.6 1 5.6 0 6.2-2s-1.3-4.3-4.3-5.2c-2.6-.7-5.5.3-6.2 2.3zm44.2-1.7c-2.9.7-4.9 2.6-4.6 4.9.3 2 2.9 3.3 5.9 2.6 2.9-.7 4.9-2.6 4.6-4.6-.3-1.9-3-3.2-5.9-2.9zM244.8 8C106.1 8 0 113.3 0 252c0 110.9 69.8 205.8 169.5 239.2 12.8 2.3 17.3-5.6 17.3-12.1 0-6.2-.3-40.4-.3-61.4 0 0-70 15-84.7-29.8 0 0-11.4-29.1-27.8-36.6 0 0-22.9-15.7 1.6-15.4 0 0 24.9 2 38.6 25.8 21.9 38.6 58.6 27.5 72.9 20.9 2.3-16 8.8-27.1 16-33.7-55.9-6.2-112.3-14.3-112.3-110.5 0-27.5 7.6-41.3 23.6-58.9-2.6-6.5-11.1-33.3 2.6-67.9 20.9-6.5 69 27 69 27 20-5.6 41.5-8.5 62.8-8.5s42.8 2.9 62.8 8.5c0 0 48.1-33.6 69-27 13.7 34.7 5.2 61.4 2.6 67.9 16 17.7 25.8 31.5 25.8 58.9 0 96.5-58.9 104.2-114.8 110.5 9.2 7.9 17 22.9 17 46.4 0 33.7-.3 75.4-.3 83.6 0 6.5 4.6 14.4 17.3 12.1C428.2 457.8 496 362.9 496 252 496 113.3 383.5 8 244.8 8zM97.2 352.9c-1.3 1-1 3.3.7 5.2 1.6 1.6 3.9 2.3 5.2 1 1.3-1 1-3.3-.7-5.2-1.6-1.6-3.9-2.3-5.2-1zm-10.8-8.1c-.7 1.3.3 2.9 2.3 3.9 1.6 1 3.6.7 4.3-.7.7-1.3-.3-2.9-2.3-3.9-2-.6-3.6-.3-4.3.7zm32.4 35.6c-1.6 1.3-1 4.3 1.3 6.2 2.3 2.3 5.2 2.6 6.5 1 1.3-1.3.7-4.3-1.3-6.2-2.2-2.3-5.2-2.6-6.5-1zm-11.4-14.7c-1.6 1-1.6 3.6 0 5.9 1.6 2.3 4.3 3.3 5.6 2.3 1.6-1.3 1.6-3.9 0-6.2-1.4-2.3-4-3.3-5.6-2z"
              />
            </svg>
          </a>
        </li>
        <li>
          <a
            className="inline-block p-1 hover:text-lime-600"
            href="/blah"
            onClick={[Function]}
          >
            <svg
              className="w-4 h-4"
              fill="currentColor"
              height="1em"
              stroke="currentColor"
              strokeWidth="0"
              style={
                Object {
                  "color": undefined,
                }
              }
              viewBox="0 0 576 512"
              width="1em"
              xmlns="http://www.w3.org/2000/svg"
            >
              <path
                d="M549.655 124.083c-6.281-23.65-24.787-42.276-48.284-48.597C458.781 64 288 64 288 64S117.22 64 74.629 75.486c-23.497 6.322-42.003 24.947-48.284 48.597-11.412 42.867-11.412 132.305-11.412 132.305s0 89.438 11.412 132.305c6.281 23.65 24.787 41.5 48.284 47.821C117.22 448 288 448 288 448s170.78 0 213.371-11.486c23.497-6.321 42.003-24.171 48.284-47.821 11.412-42.867 11.412-132.305 11.412-132.305s0-89.438-11.412-132.305zm-317.51 213.508V175.185l142.739 81.205-142.739 81.201z"
              />
            </svg>
          </a>
        </li>
      </ul>
      <p
        className="text-xs flex items-center gap-1"
      >
        <svg
          fill="currentColor"
          height="1em"
          stroke="currentColor"
          strokeWidth="0"
          style={
            Object {
              "color": undefined,
            }
          }
          viewBox="0 0 512 512"
          width="1em"
          xmlns="http://www.w3.org/2000/svg"
        >
          <title>
            Built with love
          </title>
          <path
            d="M462.3 62.6C407.5 15.9 326 24.3 275.7 76.2L256 96.5l-19.7-20.3C186.1 24.3 104.5 15.9 49.7 62.6c-62.8 53.6-66.1 149.8-9.9 207.9l193.5 199.8c12.5 12.9 32.8 12.9 45.3 0l193.5-199.8c56.3-58.1 53-154.3-9.8-207.9z"
          />
        </svg>
        +
        <svg
          fill="currentColor"
          height="1em"
          stroke="currentColor"
          strokeWidth="0"
          style={
            Object {
              "color": undefined,
            }
          }
          version="1.1"
          viewBox="0 0 32 32"
          width="1em"
          xmlns="http://www.w3.org/2000/svg"
        >
          <title>
            Built with Rails
          </title>
          <path
            d="M7.113 27.421h11.072c0 0-2.456-5.578-1.832-10.698s4.662-7.451 6.951-7.701c2.289-0.25 3.538 1.166 3.538 1.166l0.5-0.749c0 0-3.288-3.33-7.451-2.955s-7.035 3.122-8.824 6.452c-1.79 3.33-2.831 5.661-3.538 9.158s-0.416 5.328-0.416 5.328zM4.907 21.843l2.164 0.167-0.375 2.164-2.040-0.25 0.25-2.081zM8.32 17.264l0.583-1.623-1.915-0.749-0.624 1.748 1.956 0.624zM11.026 11.686l1.124-1.332-1.457-0.957-1.165 1.29 1.498 0.999zM13.981 6.525l0.999 1.207 1.374-0.791-0.999-1.124-1.374 0.708zM18.851 5.151l0.25 1.207 1.707-0.042-0.167-1.082-1.79-0.083zM24.637 6.441l-0.042 0.749 1.166 0.624 0.25-0.375-1.373-0.999zM24.387 9.647v0.624l1.124 0.125v-0.5l-1.124-0.25zM20.808 10.188l0.541 0.999 0.791-0.624-0.166-0.666-1.165 0.292zM19.101 11.478l0.832 1.249-0.499 0.874-1.207-1.332 0.874-0.791zM17.436 14.933l-0.541 1.082 1.415 1.207 0.333-1.374-1.207-0.916zM16.853 18.721l-0.083 1.457 1.748 0.749-0.083-1.374-1.582-0.833zM17.353 23.882l0.417 1.499 2.206 0.125-0.791-1.623h-1.832z"
          />
        </svg>
        +
        <svg
          fill="currentColor"
          height="1em"
          stroke="currentColor"
          strokeWidth="0"
          style={
            Object {
              "color": undefined,
            }
          }
          version="1.1"
          viewBox="0 0 34 32"
          width="1em"
          xmlns="http://www.w3.org/2000/svg"
        >
          <title>
            Built with Reactjs
          </title>
          <path
            d="M19.314 15.987c0 1.321-1.071 2.392-2.392 2.392s-2.392-1.071-2.392-2.392c0-1.321 1.071-2.392 2.392-2.392s2.392 1.071 2.392 2.392z"
          />
          <path
            d="M16.922 24.783c1.878 1.826 3.729 2.906 5.221 2.906 0.489 0 0.952-0.103 1.337-0.334 1.337-0.772 1.826-2.701 1.363-5.453-0.077-0.489-0.18-0.977-0.309-1.492 0.514-0.154 0.977-0.309 1.44-0.463 2.598-1.003 4.038-2.392 4.038-3.909 0-1.543-1.44-2.932-4.038-3.909-0.463-0.18-0.926-0.334-1.44-0.463 0.129-0.514 0.232-1.003 0.309-1.492 0.437-2.803-0.051-4.758-1.389-5.53-0.386-0.231-0.849-0.334-1.337-0.334-1.466 0-3.344 1.080-5.221 2.906-1.852-1.826-3.704-2.906-5.195-2.906-0.489 0-0.952 0.103-1.337 0.334-1.337 0.772-1.826 2.701-1.363 5.453 0.077 0.489 0.18 0.977 0.309 1.492-0.514 0.154-0.977 0.309-1.44 0.463-2.598 1.003-4.038 2.392-4.038 3.909 0 1.543 1.44 2.932 4.038 3.909 0.463 0.18 0.926 0.334 1.44 0.463-0.129 0.514-0.232 1.003-0.309 1.492-0.437 2.752 0.051 4.707 1.363 5.453 0.386 0.232 0.849 0.334 1.337 0.334 1.492 0.051 3.344-1.029 5.221-2.829v0zM15.481 21.311c0.463 0.026 0.952 0.026 1.44 0.026s0.977 0 1.44-0.026c-0.463 0.617-0.952 1.183-1.44 1.723-0.489-0.54-0.977-1.106-1.44-1.723zM12.292 18.662c0.257 0.437 0.489 0.849 0.772 1.26-0.797-0.103-1.543-0.232-2.263-0.386 0.232-0.694 0.489-1.415 0.797-2.135 0.206 0.411 0.437 0.849 0.694 1.26zM10.8 12.463c0.72-0.154 1.466-0.283 2.263-0.386-0.257 0.412-0.514 0.823-0.772 1.26s-0.489 0.849-0.694 1.286c-0.334-0.746-0.592-1.466-0.797-2.161zM12.215 15.987c0.334-0.694 0.694-1.389 1.106-2.083 0.386-0.669 0.823-1.337 1.26-2.006 0.772-0.051 1.543-0.077 2.341-0.077 0.823 0 1.595 0.026 2.341 0.077 0.463 0.669 0.874 1.337 1.26 2.006 0.412 0.694 0.772 1.389 1.106 2.083-0.334 0.694-0.694 1.389-1.106 2.083-0.386 0.669-0.823 1.337-1.26 2.006-0.772 0.051-1.543 0.077-2.341 0.077-0.823 0-1.595-0.026-2.341-0.077-0.463-0.669-0.874-1.337-1.26-2.006-0.412-0.695-0.772-1.389-1.106-2.083v0zM22.272 14.598l-0.694-1.286c-0.257-0.437-0.489-0.849-0.772-1.26 0.797 0.103 1.543 0.232 2.263 0.386-0.231 0.72-0.489 1.44-0.797 2.161v0zM22.272 17.376c0.309 0.72 0.566 1.44 0.797 2.135-0.72 0.154-1.466 0.283-2.263 0.386 0.257-0.412 0.514-0.823 0.772-1.26 0.232-0.386 0.463-0.823 0.694-1.26v0zM22.863 26.301c-0.206 0.129-0.463 0.18-0.746 0.18-1.26 0-2.829-1.029-4.372-2.572 0.746-0.797 1.466-1.698 2.186-2.701 1.209-0.103 2.366-0.283 3.447-0.54 0.129 0.463 0.206 0.926 0.283 1.389 0.36 2.186 0.077 3.755-0.797 4.244zM24.201 12.746c2.881 0.823 4.604 2.083 4.604 3.241 0 1.003-1.183 2.006-3.266 2.804-0.412 0.154-0.874 0.309-1.337 0.437-0.334-1.055-0.746-2.135-1.26-3.241 0.514-1.106 0.952-2.186 1.26-3.241v0zM22.143 5.493c0.283 0 0.514 0.051 0.746 0.18 0.849 0.489 1.157 2.032 0.797 4.244-0.077 0.437-0.18 0.9-0.283 1.389-1.080-0.232-2.238-0.412-3.447-0.54-0.694-1.003-1.44-1.903-2.186-2.701 1.543-1.518 3.112-2.572 4.372-2.572zM18.362 10.663c-0.463-0.026-0.952-0.026-1.44-0.026s-0.977 0-1.44 0.026c0.463-0.617 0.952-1.183 1.44-1.723 0.489 0.54 0.977 1.132 1.44 1.723v0zM10.98 5.673c0.206-0.129 0.463-0.18 0.746-0.18 1.26 0 2.829 1.029 4.372 2.572-0.746 0.797-1.466 1.697-2.186 2.701-1.209 0.103-2.366 0.283-3.447 0.54-0.129-0.463-0.206-0.926-0.283-1.389-0.36-2.186-0.077-3.729 0.797-4.244v0zM9.643 19.228c-2.881-0.823-4.604-2.083-4.604-3.241 0-1.003 1.183-2.006 3.266-2.803 0.412-0.154 0.874-0.309 1.337-0.437 0.334 1.055 0.746 2.135 1.26 3.241-0.514 1.106-0.952 2.212-1.26 3.241zM10.183 22.057c0.077-0.437 0.18-0.9 0.283-1.389 1.080 0.232 2.238 0.412 3.447 0.54 0.694 1.003 1.44 1.903 2.186 2.701-1.543 1.517-3.112 2.572-4.372 2.572-0.283 0-0.514-0.051-0.746-0.18-0.875-0.489-1.157-2.058-0.797-4.244z"
          />
        </svg>
      </p>
    </div>
    <button
      className="absolute top-0 p-2 -right-[3.125rem] bg-white/90 lg:hidden hover:text-lime-600"
      id="menu-toggler"
      onClick={[Function]}
      type="button"
    >
      <svg
        className="w-8 h-8"
        fill="currentColor"
        height="1em"
        stroke="currentColor"
        strokeWidth="0"
        style={
          Object {
            "color": undefined,
          }
        }
        viewBox="0 0 24 24"
        width="1em"
        xmlns="http://www.w3.org/2000/svg"
      >
        <path
          d="M4 6h16v2H4zm0 5h16v2H4zm0 5h16v2H4z"
        />
      </svg>
    </button>
  </header>
  <main
    className="h-screen w-full overflow-y-auto relative"
  >
    <section
      className="w-full h-full flex flex-col justify-center"
    >
      <h1
        className="text-3xl font-bold uppercase text-black text-center"
      >
        Our Mentors
      </h1>
      <p
        className="text-center text-gray-400 font-bold"
      >
        Choose a mentor to see details and reserve an appointment
      </p>
      <hr
        className="mx-auto border-t-4 border-dotted w-32 my-8"
      />
      <div
        className="flex justify-center items-center"
      >
        <span
          className="h-6 w-6 block rounded-full border border-t-2 border-t-lime-500 animate-spin"
          data-testid="loading"
        />
      </div>
    </section>
  </main>
  <aside>
    <div
      className="Toastify"
    />
  </aside>
</div>
`;
